

================================================================
== Vitis HLS Report for 'proc_2'
================================================================
* Date:           Sat Oct 23 11:02:41 2021

* Version:        2020.2 (Build 3064766 on Wed Nov 18 09:12:45 MST 2020)
* Project:        proj
* Solution:       solution1 (Vivado IP Flow Target)
* Product family: virtex7
* Target device:  xc7v585t-ffg1761-2


================================================================
== Performance Estimates
================================================================
+ Timing: 
    * Summary: 
    +--------+----------+----------+------------+
    |  Clock |  Target  | Estimated| Uncertainty|
    +--------+----------+----------+------------+
    |ap_clk  |  13.33 ns|  6.507 ns|     3.60 ns|
    +--------+----------+----------+------------+

+ Latency: 
    * Summary: 
    +---------+---------+----------+----------+-----+-----+----------+
    |  Latency (cycles) |  Latency (absolute) |  Interval | Pipeline |
    |   min   |   max   |    min   |    max   | min | max |   Type   |
    +---------+---------+----------+----------+-----+-----+----------+
    |       24|       24|  0.320 us|  0.320 us|   25|   25|  dataflow|
    +---------+---------+----------+----------+-----+-----+----------+

    + Detail: 
        * Instance: 
        +-------------+----------+---------+---------+----------+----------+-----+-----+---------+
        |             |          |  Latency (cycles) |  Latency (absolute) |  Interval | Pipeline|
        |   Instance  |  Module  |   min   |   max   |    min   |    max   | min | max |   Type  |
        +-------------+----------+---------+---------+----------+----------+-----+-----+---------+
        |proc_2_1_U0  |proc_2_1  |       24|       24|  0.320 us|  0.320 us|   24|   24|     none|
        |proc_2_2_U0  |proc_2_2  |       12|       12|  0.160 us|  0.160 us|   12|   12|     none|
        +-------------+----------+---------+---------+----------+----------+-----+-----+---------+

        * Loop: 
        N/A



================================================================
== Utilization Estimates
================================================================
* Summary: 
+-----------------+---------+------+--------+--------+-----+
|       Name      | BRAM_18K|  DSP |   FF   |   LUT  | URAM|
+-----------------+---------+------+--------+--------+-----+
|DSP              |        -|     -|       -|       -|    -|
|Expression       |        -|     -|       0|       2|    -|
|FIFO             |        -|     -|     198|     135|    -|
|Instance         |        -|     -|      64|     370|    -|
|Memory           |        -|     -|       -|       -|    -|
|Multiplexer      |        -|     -|       -|       -|    -|
|Register         |        -|     -|       -|       -|    -|
+-----------------+---------+------+--------+--------+-----+
|Total            |        0|     0|     262|     507|    0|
+-----------------+---------+------+--------+--------+-----+
|Available        |     1590|  1260|  728400|  364200|    0|
+-----------------+---------+------+--------+--------+-----+
|Utilization (%)  |        0|     0|      ~0|      ~0|    0|
+-----------------+---------+------+--------+--------+-----+

+ Detail: 
    * Instance: 
    +-------------+----------+---------+----+----+-----+-----+
    |   Instance  |  Module  | BRAM_18K| DSP| FF | LUT | URAM|
    +-------------+----------+---------+----+----+-----+-----+
    |proc_2_1_U0  |proc_2_1  |        0|   0|  53|  224|    0|
    |proc_2_2_U0  |proc_2_2  |        0|   0|  11|  146|    0|
    +-------------+----------+---------+----+----+-----+-----+
    |Total        |          |        0|   0|  64|  370|    0|
    +-------------+----------+---------+----+----+-----+-----+

    * DSP: 
    N/A

    * Memory: 
    N/A

    * FIFO: 
    +-----------------+---------+----+----+-----+------+-----+---------+
    |       Name      | BRAM_18K| FF | LUT| URAM| Depth| Bits| Size:D*B|
    +-----------------+---------+----+----+-----+------+-----+---------+
    |data_channel1_U  |        0|  99|   0|    -|    10|   32|      320|
    |data_channel2_U  |        0|  99|   0|    -|     1|   32|       32|
    +-----------------+---------+----+----+-----+------+-----+---------+
    |Total            |        0| 198|   0|    0|    11|   64|      352|
    +-----------------+---------+----+----+-----+------+-----+---------+

    * Expression: 
    +--------------+----------+----+---+----+------------+------------+
    | Variable Name| Operation| DSP| FF| LUT| Bitwidth P0| Bitwidth P1|
    +--------------+----------+----+---+----+------------+------------+
    |ap_idle       |       and|   0|  0|   2|           1|           1|
    +--------------+----------+----+---+----+------------+------------+
    |Total         |          |   0|  0|   2|           1|           1|
    +--------------+----------+----+---+----+------------+------------+

    * Multiplexer: 
    N/A

    * Register: 
    N/A



================================================================
== Interface
================================================================
* Summary: 
+-------------+-----+-----+------------+--------------+--------------+
|  RTL Ports  | Dir | Bits|  Protocol  | Source Object|    C Type    |
+-------------+-----+-----+------------+--------------+--------------+
|A_dout       |   in|   32|     ap_fifo|             A|       pointer|
|A_empty_n    |   in|    1|     ap_fifo|             A|       pointer|
|A_read       |  out|    1|     ap_fifo|             A|       pointer|
|B_dout       |   in|   32|     ap_fifo|             B|       pointer|
|B_empty_n    |   in|    1|     ap_fifo|             B|       pointer|
|B_read       |  out|    1|     ap_fifo|             B|       pointer|
|B_V_din      |  out|   32|     ap_fifo|           B_V|       pointer|
|B_V_full_n   |   in|    1|     ap_fifo|           B_V|       pointer|
|B_V_write    |  out|    1|     ap_fifo|           B_V|       pointer|
|ap_clk       |   in|    1|  ap_ctrl_hs|        proc_2|  return value|
|ap_rst       |   in|    1|  ap_ctrl_hs|        proc_2|  return value|
|ap_start     |   in|    1|  ap_ctrl_hs|        proc_2|  return value|
|ap_done      |  out|    1|  ap_ctrl_hs|        proc_2|  return value|
|ap_ready     |  out|    1|  ap_ctrl_hs|        proc_2|  return value|
|ap_idle      |  out|    1|  ap_ctrl_hs|        proc_2|  return value|
|ap_continue  |   in|    1|  ap_ctrl_hs|        proc_2|  return value|
+-------------+-----+-----+------------+--------------+--------------+

