

================================================================
== Synthesis Summary Report of 'diamond'
================================================================
+ General Information: 
    * Date:           Sat Oct 23 10:49:56 2021
    * Version:        2020.2 (Build 3064766 on Wed Nov 18 09:12:45 MST 2020)
    * Project:        proj
    * Solution:       solution1 (Vivado IP Flow Target)
    * Product family: virtexuplus
    * Target device:  xcvu9p-flga2104-2-i
    

+ Performance & Resource Estimates: 
    
    PS: '+' for module; 'o' for loop; '*' for dataflow
    +--------------------+------+-------+---------+---------+----------+---------+------+----------+------+----+-----------+-----------+-----+
    |       Modules      | Issue|       | Latency | Latency | Iteration|         | Trip |          |      |    |           |           |     |
    |       & Loops      | Type | Slack | (cycles)|   (ns)  |  Latency | Interval| Count| Pipelined| BRAM | DSP|     FF    |    LUT    | URAM|
    +--------------------+------+-------+---------+---------+----------+---------+------+----------+------+----+-----------+-----------+-----+
    |+ diamond*          |     -|  -1.81|      155|  775.000|         -|       50|     -|  dataflow|     -|   -|  194 (~0%)|  626 (~0%)|    -|
    | + grp_funcD_fu_48  |     -|  -1.81|       51|  255.000|         -|       51|     -|        no|     -|   -|   32 (~0%)|  122 (~0%)|    -|
    |  o Loop0           |     -|  -3.65|       50|  250.000|         2|        1|    50|       yes|     -|   -|          -|          -|    -|
    | + grp_funcA_fu_56  |     -|  -1.81|       51|  255.000|         -|       51|     -|        no|     -|   -|   32 (~0%)|  122 (~0%)|    -|
    |  o Loop0           |     -|  -3.65|       50|  250.000|         2|        1|    50|       yes|     -|   -|          -|          -|    -|
    | + grp_funcB_fu_66  |     -|  -1.81|       51|  255.000|         -|       51|     -|        no|     -|   -|   32 (~0%)|  122 (~0%)|    -|
    |  o Loop0           |     -|  -3.65|       50|  250.000|         2|        1|    50|       yes|     -|   -|          -|          -|    -|
    | + grp_funcC_fu_72  |     -|  -2.34|       51|  255.000|         -|       51|     -|        no|     -|   -|   32 (~0%)|   92 (~0%)|    -|
    |  o Loop0           |     -|  -3.65|       50|  250.000|         2|        1|    50|       yes|     -|   -|          -|          -|    -|
    +--------------------+------+-------+---------+---------+----------+---------+------+----------+------+----+-----------+-----------+-----+

