

================================================================
== Synthesis Summary Report of 'hls_xfft2real'
================================================================
+ General Information: 
    * Date:           Fri Oct 15 15:55:03 2021
    * Version:        2020.2 (Build 3064766 on Wed Nov 18 09:12:45 MST 2020)
    * Project:        zynq_lab_2_2020_be
    * Solution:       solution1 (Vivado IP Flow Target)
    * Product family: zynq
    * Target device:  xc7z020-clg400-1
    

+ Performance & Resource Estimates: 
    
    PS: '+' for module; 'o' for loop; '*' for dataflow
    +--------------------------------------------------------------------------------------------+------+-------+---------+-----------+----------+---------+------+----------+---------+--------+-----------+------------+-----+
    |                                           Modules                                          | Issue|       | Latency |  Latency  | Iteration|         | Trip |          |         |        |           |            |     |
    |                                           & Loops                                          | Type | Slack | (cycles)|    (ns)   |  Latency | Interval| Count| Pipelined|  BRAM   |   DSP  |     FF    |     LUT    | URAM|
    +--------------------------------------------------------------------------------------------+------+-------+---------+-----------+----------+---------+------+----------+---------+--------+-----------+------------+-----+
    |+ hls_xfft2real*                                                                            |     -|  -0.16|     1295|  1.295e+04|         -|      512|     -|  dataflow|  10 (3%)|  4 (1%)|  1268 (1%)|  7934 (14%)|    -|
    | + grp_Block_ZN8ap_fixedILi16ELi1EL9ap_q_mode5EL9ap_o_mode0ELi0EEC2Ei_exit_i125_proc_fu_90  |     -|  -4.05|      127|  1.270e+03|         -|      127|     -|        no|        -|       -|  129 (~0%)|  6131 (11%)|    -|
    | + grp_Loop_realfft_be_descramble_proc4_fu_96                                               |     -|  -0.16|      266|  2.660e+03|         -|      266|     -|        no|        -|  4 (1%)|  877 (~0%)|   1217 (2%)|    -|
    |  o realfft_be_descramble                                                                   |     -|  -7.30|      263|  2.630e+03|         9|        1|   256|       yes|        -|       -|          -|           -|    -|
    | + grp_Loop_realfft_be_stream_output_proc6_fu_109                                           |     -|  -2.16|      514|  5.140e+03|         -|      514|     -|        no|        -|       -|   26 (~0%)|   142 (~0%)|    -|
    |  o realfft_be_stream_output                                                                |     -|  -7.30|      513|  5.130e+03|         3|        1|   512|       yes|        -|       -|          -|           -|    -|
    | + grp_Loop_realfft_be_rev_real_hi_proc5_fu_117                                             |     -|  -0.50|      258|  2.580e+03|         -|      258|     -|        no|        -|       -|   16 (~0%)|    96 (~0%)|    -|
    |  o realfft_be_rev_real_hi                                                                  |     -|  -7.30|      256|  2.560e+03|         2|        1|   256|       yes|        -|       -|          -|           -|    -|
    | + grp_Loop_realfft_be_buffer_proc3_fu_124                                                  |     -|  -4.05|      512|  5.120e+03|         -|      512|     -|        no|        -|       -|   12 (~0%)|    70 (~0%)|    -|
    |  o realfft_be_buffer                                                                       |     -|  -7.30|      511|  5.110e+03|         1|        1|   512|       yes|        -|       -|          -|           -|    -|
    +--------------------------------------------------------------------------------------------+------+-------+---------+-----------+----------+---------+------+----------+---------+--------+-----------+------------+-----+

